// Jest Snapshot v1, https://goo.gl/fbAQLP

exports[`ButtonMailTo tests matches snapshot 1`] = `
<a
  className="underline text-xs text-orange"
  href="mailto:some@email.com?subject=Subject"
>
  Label
</a>
`;
